[shor.by/setdgv5.html]
[backblue.gif]
[fade.gif]
[index.html]
[shor.by/touch-icons/apple-touch-icon-iphone-60x60.png]
[shor.by/touch-icons/apple-touch-icon-ipad-76x76.png]
[shor.by/touch-icons/apple-touch-icon-iphone-retina-120x120.png]
[shor.by/touch-icons/apple-touch-icon-ipad-retina-152x152.png]
[shor.by/smartpage49ef.js]
[cdn.filestackcontent.com/WeChat Image_20200927235003.jpg]
[cdn.filestackcontent.com/compress=m_true/quality=v_80/cache=expiry_max/no_metadata/Banner3.png]
[cdn.filestackcontent.com/compress=m_true/quality=v_80/cache=expiry_max/no_metadata/Banner9.png]
[cdn.filestackcontent.com/compress=m_true/quality=v_80/cache=expiry_max/no_metadata/Banner5.png]
[cdn.filestackcontent.com/compress=m_true/quality=v_80/cache=expiry_max/no_metadata/Banner8.png]
[shor.by/setdgv5.html]
[cdn.filestackcontent.com/compress=m_true/quality=v_80/cache=expiry_max/no_metadata/Banner3.png]
[cdn.filestackcontent.com/compress=m_true/quality=v_80/cache=expiry_max/no_metadata/Banner9.png]
[cdn.filestackcontent.com/WeChat Image_20200927235003.jpg]
[cdn.filestackcontent.com/compress=m_true/quality=v_80/cache=expiry_max/no_metadata/Banner5.png]
[use.fontawesome.com/releases/v5.1.0/css/svg-with-js.css]
[shor.by/css/main.css]
[shor.by/img/404-bio.jpg]
[i.gifer.com/fetch/w300-preview/02/02441bfd712ddb161c6fcd505f4917f9.gif]
[i.gifer.com/fetch/w300-preview/6b/6b57381d21537b2f39077a20140919de.gif]
[i.gifer.com/fetch/w300-preview/3d/3ddcb0ea272ed37581be65684b86a795.gif]
[i.gifer.com/fetch/w300-preview/ff/ff69f5cb205fff735c5a63843fe06bcc.gif]
[i.gifer.com/fetch/w300-preview/02/02441bfd712ddb161c6fcd505f4917f9.gif]
[i.gifer.com/fetch/w300-preview/1f/1ff92e9d299b2af0c6a72d0557d6cfdc.gif]
[i.gifer.com/fetch/w300-preview/17/1748799abbb8735a7224a1bd7e3e48e1.gif]
[i.gifer.com/fetch/w300-preview/45/4519426a4d6d2a8998d50254a17edcd9.gif]
[i.gifer.com/fetch/w300-preview/85/85de149d2f6e29a94be5973f83590e66.gif]
[i.gifer.com/fetch/w300-preview/a1/a1b77d9897075d70bbc2cecb4f327d70.gif]
[shor.by/css/shorby-page49ef.css]
[cdn.filestackcontent.com/compress=m_true/quality=v_80/cache=expiry_max/no_metadata/Banner8.png]
[use.fontawesome.com/releases/v5.1.0/css/svg-with-js.css]
